// Jest Snapshot v1, https://goo.gl/fbAQLP

exports[`renders correctly 1`] = `
<View
  accessible={true}
  focusable={true}
  onBlur={[Function]}
  onClick={[Function]}
  onFocus={[Function]}
  onResponderGrant={[Function]}
  onResponderMove={[Function]}
  onResponderRelease={[Function]}
  onResponderTerminate={[Function]}
  onResponderTerminationRequest={[Function]}
  onStartShouldSetResponder={[Function]}
  style={
    Array [
      undefined,
      undefined,
    ]
  }
  testID="num-pad"
>
  <Text
    style={
      Array [
        Object {
          "color": "#000",
        },
        undefined,
      ]
    }
  >
    1
  </Text>
</View>
`;
