// Jest Snapshot v1, https://goo.gl/fbAQLP

exports[`renders correctly 1`] = `
<View
  style={
    Array [
      Object {
        "backgroundColor": "#fff",
      },
      undefined,
    ]
  }
>
  <View
    style={
      Array [
        Object {
          "backgroundColor": "#fff",
        },
        undefined,
      ]
    }
  >
    <TextInput
      allowFontScaling={true}
      collapsable={false}
      editable={false}
      onGestureHandlerEvent={[Function]}
      onGestureHandlerStateChange={[Function]}
      rejectResponderTermination={true}
      secureTextEntry={true}
      underlineColorAndroid="transparent"
    />
    <TextInput
      allowFontScaling={true}
      collapsable={false}
      editable={false}
      onGestureHandlerEvent={[Function]}
      onGestureHandlerStateChange={[Function]}
      rejectResponderTermination={true}
      secureTextEntry={true}
      underlineColorAndroid="transparent"
    />
    <TextInput
      allowFontScaling={true}
      collapsable={false}
      editable={false}
      onGestureHandlerEvent={[Function]}
      onGestureHandlerStateChange={[Function]}
      rejectResponderTermination={true}
      secureTextEntry={true}
      underlineColorAndroid="transparent"
    />
    <TextInput
      allowFontScaling={true}
      collapsable={false}
      editable={false}
      onGestureHandlerEvent={[Function]}
      onGestureHandlerStateChange={[Function]}
      rejectResponderTermination={true}
      secureTextEntry={true}
      underlineColorAndroid="transparent"
    />
  </View>
  <View
    style={
      Array [
        Object {
          "backgroundColor": "#fff",
        },
        undefined,
      ]
    }
  >
    <View
      accessible={true}
      focusable={true}
      onBlur={[Function]}
      onClick={[Function]}
      onFocus={[Function]}
      onResponderGrant={[Function]}
      onResponderMove={[Function]}
      onResponderRelease={[Function]}
      onResponderTerminate={[Function]}
      onResponderTerminationRequest={[Function]}
      onStartShouldSetResponder={[Function]}
      style={
        Array [
          undefined,
          undefined,
        ]
      }
      testID="num-pad"
    >
      <Text
        style={
          Array [
            Object {
              "color": "#000",
            },
            undefined,
          ]
        }
      >
        1
      </Text>
    </View>
    <View
      accessible={true}
      focusable={true}
      onBlur={[Function]}
      onClick={[Function]}
      onFocus={[Function]}
      onResponderGrant={[Function]}
      onResponderMove={[Function]}
      onResponderRelease={[Function]}
      onResponderTerminate={[Function]}
      onResponderTerminationRequest={[Function]}
      onStartShouldSetResponder={[Function]}
      style={
        Array [
          undefined,
          undefined,
        ]
      }
      testID="num-pad"
    >
      <Text
        style={
          Array [
            Object {
              "color": "#000",
            },
            undefined,
          ]
        }
      >
        2
      </Text>
    </View>
    <View
      accessible={true}
      focusable={true}
      onBlur={[Function]}
      onClick={[Function]}
      onFocus={[Function]}
      onResponderGrant={[Function]}
      onResponderMove={[Function]}
      onResponderRelease={[Function]}
      onResponderTerminate={[Function]}
      onResponderTerminationRequest={[Function]}
      onStartShouldSetResponder={[Function]}
      style={
        Array [
          undefined,
          undefined,
        ]
      }
      testID="num-pad"
    >
      <Text
        style={
          Array [
            Object {
              "color": "#000",
            },
            undefined,
          ]
        }
      >
        3
      </Text>
    </View>
  </View>
  <View
    style={
      Array [
        Object {
          "backgroundColor": "#fff",
        },
        undefined,
      ]
    }
  >
    <View
      accessible={true}
      focusable={true}
      onBlur={[Function]}
      onClick={[Function]}
      onFocus={[Function]}
      onResponderGrant={[Function]}
      onResponderMove={[Function]}
      onResponderRelease={[Function]}
      onResponderTerminate={[Function]}
      onResponderTerminationRequest={[Function]}
      onStartShouldSetResponder={[Function]}
      style={
        Array [
          undefined,
          undefined,
        ]
      }
      testID="num-pad"
    >
      <Text
        style={
          Array [
            Object {
              "color": "#000",
            },
            undefined,
          ]
        }
      >
        4
      </Text>
    </View>
    <View
      accessible={true}
      focusable={true}
      onBlur={[Function]}
      onClick={[Function]}
      onFocus={[Function]}
      onResponderGrant={[Function]}
      onResponderMove={[Function]}
      onResponderRelease={[Function]}
      onResponderTerminate={[Function]}
      onResponderTerminationRequest={[Function]}
      onStartShouldSetResponder={[Function]}
      style={
        Array [
          undefined,
          undefined,
        ]
      }
      testID="num-pad"
    >
      <Text
        style={
          Array [
            Object {
              "color": "#000",
            },
            undefined,
          ]
        }
      >
        5
      </Text>
    </View>
    <View
      accessible={true}
      focusable={true}
      onBlur={[Function]}
      onClick={[Function]}
      onFocus={[Function]}
      onResponderGrant={[Function]}
      onResponderMove={[Function]}
      onResponderRelease={[Function]}
      onResponderTerminate={[Function]}
      onResponderTerminationRequest={[Function]}
      onStartShouldSetResponder={[Function]}
      style={
        Array [
          undefined,
          undefined,
        ]
      }
      testID="num-pad"
    >
      <Text
        style={
          Array [
            Object {
              "color": "#000",
            },
            undefined,
          ]
        }
      >
        6
      </Text>
    </View>
  </View>
  <View
    style={
      Array [
        Object {
          "backgroundColor": "#fff",
        },
        undefined,
      ]
    }
  >
    <View
      accessible={true}
      focusable={true}
      onBlur={[Function]}
      onClick={[Function]}
      onFocus={[Function]}
      onResponderGrant={[Function]}
      onResponderMove={[Function]}
      onResponderRelease={[Function]}
      onResponderTerminate={[Function]}
      onResponderTerminationRequest={[Function]}
      onStartShouldSetResponder={[Function]}
      style={
        Array [
          undefined,
          undefined,
        ]
      }
      testID="num-pad"
    >
      <Text
        style={
          Array [
            Object {
              "color": "#000",
            },
            undefined,
          ]
        }
      >
        7
      </Text>
    </View>
    <View
      accessible={true}
      focusable={true}
      onBlur={[Function]}
      onClick={[Function]}
      onFocus={[Function]}
      onResponderGrant={[Function]}
      onResponderMove={[Function]}
      onResponderRelease={[Function]}
      onResponderTerminate={[Function]}
      onResponderTerminationRequest={[Function]}
      onStartShouldSetResponder={[Function]}
      style={
        Array [
          undefined,
          undefined,
        ]
      }
      testID="num-pad"
    >
      <Text
        style={
          Array [
            Object {
              "color": "#000",
            },
            undefined,
          ]
        }
      >
        8
      </Text>
    </View>
    <View
      accessible={true}
      focusable={true}
      onBlur={[Function]}
      onClick={[Function]}
      onFocus={[Function]}
      onResponderGrant={[Function]}
      onResponderMove={[Function]}
      onResponderRelease={[Function]}
      onResponderTerminate={[Function]}
      onResponderTerminationRequest={[Function]}
      onStartShouldSetResponder={[Function]}
      style={
        Array [
          undefined,
          undefined,
        ]
      }
      testID="num-pad"
    >
      <Text
        style={
          Array [
            Object {
              "color": "#000",
            },
            undefined,
          ]
        }
      >
        9
      </Text>
    </View>
  </View>
  <View
    style={
      Array [
        Object {
          "backgroundColor": "#fff",
        },
        undefined,
      ]
    }
  >
    <View
      accessible={true}
      focusable={true}
      onBlur={[Function]}
      onClick={[Function]}
      onFocus={[Function]}
      onResponderGrant={[Function]}
      onResponderMove={[Function]}
      onResponderRelease={[Function]}
      onResponderTerminate={[Function]}
      onResponderTerminationRequest={[Function]}
      onStartShouldSetResponder={[Function]}
      testID="icon-pad"
    >
      <View />
    </View>
    <View
      accessible={true}
      focusable={true}
      onBlur={[Function]}
      onClick={[Function]}
      onFocus={[Function]}
      onResponderGrant={[Function]}
      onResponderMove={[Function]}
      onResponderRelease={[Function]}
      onResponderTerminate={[Function]}
      onResponderTerminationRequest={[Function]}
      onStartShouldSetResponder={[Function]}
      style={
        Array [
          undefined,
          undefined,
        ]
      }
      testID="num-pad"
    >
      <Text
        style={
          Array [
            Object {
              "color": "#000",
            },
            undefined,
          ]
        }
      >
        0
      </Text>
    </View>
    <View
      accessible={true}
      focusable={true}
      onBlur={[Function]}
      onClick={[Function]}
      onFocus={[Function]}
      onResponderGrant={[Function]}
      onResponderMove={[Function]}
      onResponderRelease={[Function]}
      onResponderTerminate={[Function]}
      onResponderTerminationRequest={[Function]}
      onStartShouldSetResponder={[Function]}
      testID="icon-pad"
    >
      <View
        name="backspace"
      />
    </View>
  </View>
  <View
    style={
      Array [
        Object {
          "backgroundColor": "#fff",
        },
        undefined,
      ]
    }
  >
    <Text
      style={
        Array [
          Object {
            "color": "#000",
          },
          undefined,
        ]
      }
    >
      
    </Text>
  </View>
</View>
`;
