// Jest Snapshot v1, https://goo.gl/fbAQLP

exports[`renders correctly 1`] = `
<View
  style={
    Array [
      Object {
        "backgroundColor": "#fff",
      },
      undefined,
    ]
  }
>
  <Text
    style={
      Array [
        Object {
          "color": "#000",
        },
        undefined,
      ]
    }
  >
    Hi, Welcome
  </Text>
  <View
    accessible={true}
    focusable={true}
    onBlur={[Function]}
    onClick={[Function]}
    onFocus={[Function]}
    onResponderGrant={[Function]}
    onResponderMove={[Function]}
    onResponderRelease={[Function]}
    onResponderTerminate={[Function]}
    onResponderTerminationRequest={[Function]}
    onStartShouldSetResponder={[Function]}
  >
    <Text
      style={
        Array [
          Object {
            "color": "#000",
          },
          undefined,
        ]
      }
    >
      Logout
    </Text>
  </View>
</View>
`;
